// Jest Snapshot v1, https://goo.gl/fbAQLP

exports[`Display component renders Display 1`] = `
<div
  className="Display"
>
  <p />
</div>
`;
